// Jest Snapshot v1, https://goo.gl/fbAQLP

exports[`Buttons should render correctly 1`] = `
<menu
  data-ts="Buttons"
>
  <li>
    <button
      type="button"
    >
      <span>
        Button One
      </span>
    </button>
  </li>
  <li>
    <button
      type="button"
    >
      <span>
        Button Two
      </span>
    </button>
  </li>
</menu>
`;
